// Jest Snapshot v1, https://goo.gl/fbAQLP

exports[`Login render 1`] = `
<DocumentFragment>
  <div
    class="sc-AxjAm lnfnfY"
  >
    <div
      class="sc-AxirZ kJsbdV"
    >
      <h3
        class="sc-AxiKw dudIHH"
      >
        LOGIN
      </h3>
      <form
        novalidate=""
      >
        <div
          class="sc-fznKkj iCkMDF"
        >
          <div
            class="sc-fzplWN gsYMzX"
          >
            <label
              class="sc-fzozJi SHIQY"
              for="email"
            >
              Email
            </label>
            <input
              class="sc-AxmLO coZOWP"
              id="email"
              name="email"
              type="email"
              value=""
            />
            <div
              class="sc-fzoLsD bezWOY"
            >
              <svg
                viewBox="0 0 512 512"
                width="18px"
              >
                <path
                  d="M485.743 85.333H26.257C11.815 85.333 0 97.148 0 111.589V400.41c0 14.44 11.815 26.257 26.257 26.257h459.487c14.44 0 26.257-11.815 26.257-26.257V111.589c-.001-14.441-11.816-26.256-26.258-26.256zm-9.853 19.691L271.104 258.626c-3.682 2.802-9.334 4.555-15.105 4.529-5.77.026-11.421-1.727-15.104-4.529L36.109 105.024H475.89zM366.5 268.761l111.59 137.847c.112.138.249.243.368.368H33.542c.118-.131.256-.23.368-.368L145.5 268.761a9.846 9.846 0 00-1.464-13.851c-4.227-3.419-10.424-2.771-13.844 1.457l-110.5 136.501V117.332l209.394 157.046c7.871 5.862 17.447 8.442 26.912 8.468 9.452-.02 19.036-2.6 26.912-8.468l209.394-157.046v275.534L381.807 256.367c-3.42-4.227-9.623-4.877-13.844-1.457-4.234 3.419-4.884 9.624-1.463 13.851z"
                />
              </svg>
            </div>
            <div
              class="sc-fzpans dfcFXM"
            />
          </div>
        </div>
        <div
          class="sc-fznKkj iCkMDF"
        >
          <div
            class="sc-fzplWN gsYMzX"
          >
            <label
              class="sc-fzozJi SHIQY"
              for="email"
            >
              Password
            </label>
            <input
              class="sc-AxmLO coZOWP"
              id="email"
              name="password"
              type="password"
              value=""
            />
            <div
              class="sc-fzoLsD bezWOY"
            >
              <svg
                viewBox="0 0 512 512"
                width="18px"
              >
                <path
                  d="M450.462 194.372h-39.028v-38.179C411.428 69.929 341.739.007 256.001 0c-85.738.007-155.628 69.929-155.635 156.192v38.179H61.538c-14.26 0-25.928 11.74-25.928 26.09V485.91c0 14.351 11.667 26.09 25.928 26.09h388.925c14.26 0 25.928-11.74 25.928-26.09V220.462c0-14.352-11.668-26.09-25.929-26.09zm-330.65-38.18c.007-37.758 15.583-71.853 40.17-96.609 24.607-24.736 58.488-40.008 96.02-40.014 37.525.007 71.413 15.278 96.013 40.014 24.593 24.756 39.968 58.851 39.975 96.609v38.179H119.812v-38.179zm330.652 336.239H61.538c-3.513 0-6.482-2.989-6.482-6.521V220.462c0-3.533 2.969-6.521 6.482-6.521h388.925c3.513 0 6.482 2.982 6.482 6.521V485.91h.001c-.001 3.532-2.97 6.521-6.482 6.521z"
                />
                <path
                  d="M256.001 296.763c-25.067 0-45.375 20.438-45.375 45.654 0 21.858 15.259 40.098 35.652 44.577v46.73c0 5.406 4.356 9.782 9.723 9.782 5.367 0 9.723-4.376 9.723-9.782v-46.73c20.392-4.48 35.652-22.727 35.652-44.577-.001-25.211-20.309-45.654-45.375-45.654zm0 71.749c-14.3 0-25.928-11.707-25.928-26.09s11.629-26.09 25.928-26.09c14.3 0 25.928 11.707 25.928 26.09s-11.629 26.09-25.928 26.09z"
                />
              </svg>
            </div>
            <div
              class="sc-fzpans dfcFXM"
            />
          </div>
        </div>
        <button
          class="sc-fznZeY fdZfVl"
          type="submit"
        >
          LOGIN
        </button>
      </form>
      <section
        class="sc-AxhCb fHmCTs"
      >
        <span>
          Or login with
        </span>
        <button
          class="sc-AxhUy sc-AxgMl kPbIhR"
        >
          <svg
            height="24"
            viewBox="0 0 18 18"
            width="24"
          >
            <path
              d="M17.006 0H.993A.993.993 0 000 .994v16.013A.993.993 0 00.994 18h16.012a.993.993 0 00.994-.993V.993A.993.993 0 0017.006 0zm0 0"
              fill="#4267b2"
            />
            <path
              d="M12.428 18v-6.96h2.346l.352-2.726h-2.698V6.58c0-.787.218-1.323 1.347-1.323h1.43v-2.43a19.176 19.176 0 00-2.096-.108c-2.074 0-3.494 1.266-3.494 3.591v2.005H7.277v2.725h2.338V18zm0 0"
              fill="#fff"
            />
          </svg>
          Facebook
        </button>
        <button
          class="sc-AxhUy sc-AxheI dpTjjW"
        >
          <svg
            height="24"
            width="24"
          >
            <path
              d="M5.625 12c0-1.19.328-2.303.897-3.257V4.698H2.476A11.91 11.91 0 000 12c0 2.676.87 5.217 2.476 7.302h4.046v-4.045A6.336 6.336 0 015.625 12z"
              fill="#fbbd00"
            />
            <path
              d="M12 18.375l-2.813 2.813L12 24c2.676 0 5.217-.87 7.302-2.476v-4.041h-4.041a6.374 6.374 0 01-3.261.892z"
              fill="#0f9d58"
            />
            <path
              d="M6.522 15.257l-4.046 4.045c.318.413.664.809 1.039 1.183A11.922 11.922 0 0012 24v-5.625a6.378 6.378 0 01-5.478-3.118z"
              fill="#31aa52"
            />
            <path
              d="M24 12c0-.73-.066-1.462-.197-2.174l-.105-.576H12v5.625h5.693a6.346 6.346 0 01-2.432 2.608l4.041 4.041c.413-.318.809-.664 1.183-1.039A11.922 11.922 0 0024 12z"
              fill="#3c79e6"
            />
            <path
              d="M16.508 7.492l.497.497 3.977-3.977-.497-.497A11.921 11.921 0 0012 0L9.188 2.813 12 5.624c1.703 0 3.304.663 4.508 1.867z"
              fill="#cf2d48"
            />
            <path
              d="M12 5.625V0a11.922 11.922 0 00-8.485 3.515c-.375.374-.721.77-1.039 1.183l4.046 4.045A6.378 6.378 0 0112 5.625z"
              fill="#eb4132"
            />
          </svg>
          Google
        </button>
      </section>
      <p
        class="sc-Axmtr kXOSfd"
      >
        Not a member? 
        <a
          href="/register"
        >
          Sign up now
        </a>
      </p>
    </div>
  </div>
</DocumentFragment>
`;
